Command: /Users/sofiacastelli/esp/idf-tools/python_env/idf5.5_py3.13_env/bin/python /Users/sofiacastelli/esp/idf/esp-idf/tools/idf_monitor.py -p /dev/cu.usbserial-0001 -b 115200 --toolchain-prefix xtensa-esp32-elf- --target esp32 --revision 0 /Users/sofiacastelli/Documents/GitHub/Rep_SE_Lab2_Poch_Castelli/ejercicio_2/build/ejercicio_2.elf /Users/sofiacastelli/Documents/GitHub/Rep_SE_Lab2_Poch_Castelli/ejercicio_2/build/bootloader/bootloader.elf -m '/Users/sofiacastelli/esp/idf-tools/python_env/idf5.5_py3.13_env/bin/python' '/Users/sofiacastelli/esp/idf/esp-idf/tools/idf.py'
hip revision: v3.0
[0;32mI (33) boot.esp32: SPI Speed      : 40MHz[0m
[0;32mI (37) Uï¿½ï¿½ï¿½ï¿½[0m
[0;32mI (51) boot: ## Label            Usage          Type ST Offset   Length[0m
[0;32mI (57) boot:  0 nvs              WiFi data        01 02 00009000 00006000[0m
[0;32mI (64) boot:  1 phy_init         RF data          01ï¿½ets Jul 29 2019 12:21:46[0m

rst:0x1 (POWERON_RESET),boot:0x13 (SPI_FAST_FLASH_BOOT)
configsip: 0, SPIWP:0xee
clk_drv:0x00,q_drv:0x00,d_drv:0x00,cs0_drv:0x00,hd_drv:0x00,wp_drv:0x00
mode:DIO, clock div:2
load:0x3fff0030,len:6368
load:0x40078000,len:15880
load:0x40080400,len:3860
entry 0x40080638
[0;32mI (27) boot: ESP-IDF v5.5-dev-2488-gee77c489e7 2nd stage bootloader[0m
[0;32mI (27) boot: compile time Apr 24 2025 09:45:11[0m
[0;32mI (28) boot: Multicore bootloader[0m
[0;32mI (30) boot: chip revision: v3.0[0m
[0;32mI (33) boot.esp32: SPI Speed      : 40MHz[0m
[0;32mI (37) boot.esp32: SPI Mode       : DIO[0m
[0;32mI (40) boot.esp32: SPI Flash Size : 2MB[0m
[0;32mI (44) boot: Enabling RNG early entropy source...[0m
[0;32mI (49) boot: Partition Table:[0m
[0;32mI (51) boot: ## Label            Usage          Type ST Offset   Length[0m
[0;32mI (57) boot:  0 nvs              WiFi data        01 02 00009000 00006000[0m
[0;32mI (64) boot:  1 phy_init         RF data          01 01 0000f000 00001000[0m
[0;32mI (71) boot:  2 factory          factory app      00 00 00010000 00100000[0m
[0;32mI (77) boot: End of partition table[0m
[0;32mI (80) esp_image: segment 0: paddr=00010020 vaddr=3f400020 size=0a34ch ( 41804) map[0m
[0;32mI (102) esp_image: segment 1: paddr=0001a374 vaddr=3ff80000 size=0001ch (    28) load[0m
[0;32mI (102) esp_image: segment 2: paddr=0001a398 vaddr=3ffb0000 size=02324h (  8996) load[0m
[0;32mI (109) esp_image: segment 3: paddr=0001c6c4 vaddr=40080000 size=03954h ( 14676) load[0m
[0;32mI (119) esp_image: segment 4: paddr=00020020 vaddr=400d0020 size=15254h ( 86612) map[0m
[0;32mI (151) esp_image: segment 5: paddr=0003527c vaddr=40083954 size=09304h ( 37636) load[0m
[0;32mI (172) boot: Loaded app from partition at offset 0x10000[0m
[0;32mI (172) boot: Disabling RNG early entropy source...[0m
[0;32mI (182) cpu_start: Multicore app[0m
[0;32mI (191) cpu_start: Pro cpu start user code[0m
[0;32mI (191) cpu_start: cpu freq: 160000000 Hz[0m
[0;32mI (191) app_init: Application information:[0m
[0;32mI (191) app_init: Project name:     ejercicio_2[0m
[0;32mI (195) app_init: App version:      6d87eb7-dirty[0m
[0;32mI (200) app_init: Compile time:     May  8 2025 09:19:44[0m
[0;32mI (205) app_init: ELF file SHA256:  f94f4bb9a...[0m
[0;32mI (209) app_init: ESP-IDF:          v5.5-dev-2488-gee77c489e7[0m
[0;32mI (215) efuse_init: Min chip rev:     v0.0[0m
[0;32mI (218) efuse_init: Max chip rev:     v3.99 [0m
[0;32mI (222) efuse_init: Chip rev:         v3.0[0m
[0;32mI (226) heap_init: Initializing. RAM available for dynamic allocation:[0m
[0;32mI (233) heap_init: At 3FFAE6E0 len 00001920 (6 KiB): DRAM[0m
[0;32mI (238) heap_init: At 3FFB2BF0 len 0002D410 (181 KiB): DRAM[0m
[0;32mI (243) heap_init: At 3FFE0440 len 00003AE0 (14 KiB): D/IRAM[0m
[0;32mI (248) heap_init: At 3FFE4350 len 0001BCB0 (111 KiB): D/IRAM[0m
[0;32mI (254) heap_init: At 4008CC58 len 000133A8 (76 KiB): IRAM[0m
[0;32mI (260) spi_flash: detected chip: generic[0m
[0;32mI (263) spi_flash: flash io: dio[0m
[0;33mW (266) spi_flash: Detected size(4096k) larger than the size in the binary image header(2048k). Using the size in the binary image header.[0m
[0;33mW (278) ADC: legacy driver is deprecated, please migrate to `esp_adc/adc_oneshot.h`[0m
[0;32mI (286) main_task: Started on CPU0[0m
[0;32mI (296) main_task: Calling app_main()[0m
[0;32mI (296) gpio: GPIO[4]| InputEn: 0| OutputEn: 0| OpenDrain: 0| Pullup: 1| Pulldown: 0| Intr:0 [0m
4095,105
[0;32mI (296) main_task: Returned from app_main()[0m
3155,29
4095,139
3088,40
4095,119
3122,34
4095,128
3164,48
4095,114
2871,16
4080,115
3019,37
4095,125
3026,37
4095,118
3152,48
4095,123
3179,58
4095,134
3022,39
4095,113
2942,48
4095,126
3158,38
4095,61
3063,10
4095,103
3122,42
4095,127
2999,33
4095,118
3165,29
4095,111
3047,35
4095,112
3050,33
4095,113
3028,49
4095,112
3010,47
4095,118
3023,58
4095,106
3271,34
4095,102
3114,59
4095,96
3212,75
4095,103
3068,26
4095,47
3043,64
4095,93
3139,57
4095,126
3060,71
4095,105
3042,48
4095,103
3137,69
4095,114
3150,79
4095,97
2960,53
4095,95
3003,57
4095,93
2963,35
4095,90
3347,49
4095,80
3344,60
4095,40
2992,48
4095,74
2992,116
4095,84
2940,68
4095,106
3063,59
4095,85
3088,65
4095,94
3037,53
4095,100
3014,70
4095,97
3006,65
4095,99
2949,43
4095,99
2955,64
4095,91
2896,50
4095,65
3024,45
4095,92
2955,61
4095,106
2960,65
4095,76
2832,97
4095,48
3024,79
4095,96
2855,48
4095,74
2921,29
4095,85
2966,62
4095,80
2834,45
4095,91
2976,51
4095,93
3055,64
4095,81
2959,85
4095,85
2978,52
4095,82
2967,50
4095,86
2854,41
4095,83
3058,103
4095,74
2945,112
4095,88
2810,33
4095,83
3067,48
4095,77
3059,80
4095,77
3149,77
4095,74
2960,66
4095,70
3071,81
4095,70
3102,80
4095,91
3027,83
3882,78
3104,90
4095,78
3042,89
4095,75
3024,43
4095,80
2976,82
4095,48
3069,115
4095,84
2951,66
4095,73
2903,80
4095,80
3131,86
4095,80
3133,95
4095,78
2975,74
4095,80
3002,76
4095,81
2934,65
4095,80
3119,95
4095,80
2882,67
4095,53
2743,70
4095,64
2989,86
4095,62
2972,48
4095,92
3037,67
4095,74
2966,80
4095,56
3133,97
4095,74
3107,91
4095,78
3119,80
4095,83
3120,80
4095,77
3122,80
4095,94
3087,71
4095,75
3047,87
4095,59
3079,77
4095,54
3070,67
4063,21
3124,90
4095,14
3150,76
4095,47
3163,80
4095,48
3095,71
4095,66
3069,92
4095,73
3136,82
4095,64
3225,99
4095,64
3152,75
4095,69
3246,97
4095,72
3022,90
4095,80
3184,82
4095,68
3137,22
4095,135
3196,99
4095,59
3218,113
4095,108
3186,92
4095,65
3133,89
4011,48
3201,64
4095,73
3245,80
4011,62
3224,89
4002,59
3232,88
3904,65
3063,82
4013,71
3199,78
3868,64
3105,92
4095,74
3269,75
3755,17
3312,69
3857,76
3233,82
3991,80
3136,164
3983,64
3086,69
3855,56
3299,72
3970,63
3226,82
3952,65
3254,87
3986,71
3253,80
3911,61
3231,80
3835,65
3199,83
3927,64
3312,87
3920,62
3206,69
3835,54
3240,53
3810,47
3344,77
3798,94
3225,102
3824,67
3306,84
3798,52
3346,75
3842,61
3310,85
3839,45
3327,79
3731,51
3348,71
3760,53
3408,85
3717,48
3387,82
3733,53
3197,80
3574,49
3329,87
3809,48
3127,75
3617,59
3618,98
3691,22
3389,119
3573,16
3425,192
3399,4
3619,139
3337,1
3679,143
3325,16
3808,138
3307,14
3823,142
3216,16
3771,135
3248,20
3875,142
3199,19
3876,159
3195,20
4095,135
3135,29
3305,79
3280,16
3914,118
3199,18
3760,123
3207,51
3855,71
3278,0
3805,192
3237,22
3824,131
3211,15
3825,118
3229,22
3823,109
3208,21
3825,117
3210,25
3859,117
3158,16
3942,124
3167,28
3957,123
3172,31
4015,135
3120,25
4048,124
3088,33
4095,132
3206,31
3969,105
3137,22
4070,143
3142,0
4095,139
3113,37
4019,114
3136,32
3989,86
3024,28
4095,128
3079,38
3946,107
3218,43
4078,112
3201,42
3885,103
3165,53
4081,115
3001,23
4095,100
3129,38
3821,117
3152,58
4055,100
3094,35
3983,51
3056,29
4080,107
3195,15
4095,99
3210,48
4095,107
3088,31
4095,119
3066,30
4095,113
3059,35
4095,111
3109,32
4095,103
3071,48
4095,108
3088,50
4095,98
3163,48
4095,90
3174,60
4095,94
3162,51
4095,87
3153,57
4095,93
3118,58
4095,97
3123,49
4095,112
3143,55
4095,97
3270,67
4095,94
3105,58
4095,85
3152,61
4095,91
2938,43
4095,95
3187,60
4095,81
3086,57
4095,79
3089,58
4029,74
3043,71
4095,90
3246,69
4095,95
3146,67
4095,162
3216,53
4095,85
3206,64
4095,75
3211,71
4095,80
3138,71
4095,79
3175,73
4095,81
3197,77
4081,64
3158,79
4091,70
3294,85
3979,67
3168,76
3879,90
3129,78
4095,81
3330,85
4095,43
3353,48
4095,70
3265,106
4095,70
3243,75
4095,70
3353,91
4095,82
3348,94
4095,82
3380,90
4095,80
3245,93
4095,78
3243,89
4095,77
3222,83
4095,74
3542,83
4095,76
3238,112
4095,74
3283,98
4095,61
3066,91
4095,64
3140,116
4095,39
3231,80
4095,78
3292,103
4095,71
3329,108
4095,66
3279,95
4095,75
3297,107
4095,75
3282,102
4095,73
3297,102
4095,69
3341,107
4095,75
3850,113
4095,69
3134,89
4095,70
3311,38
4095,73
3263,114
4095,77
3285,182
4095,90
3282,105
4095,67
3270,105
4095,64
3297,97
4095,72
3254,103
4095,71
3298,105
4095,71
3369,110
4095,71
3280,107
4095,68
3363,109
4095,70
3259,104
4095,69
3266,110
4095,65
3431,127
4095,86
3267,93
4095,62
3282,96
4095,91
3312,111
4095,70
3171,87
4095,67
3278,96
4095,71
3263,101
4095,65
3220,113
4095,66
3311,109
4095,73
3310,102
4095,64
3263,113
4095,64
3350,101
4095,65
3083,108
4095,64
3307,111
4095,67
3323,99
4095,66
3271,112
4095,52
3323,112
4095,64
3330,107
4095,64
3390,117
4095,63
3395,123
4095,62
3409,112
4095,64
3423,115
4095,58
3446,115
4095,63
3389,106
4095,59
3442,118
4095,71
3395,130
4095,51
3342,112
4095,76
3408,130
4095,65
3347,106
4095,67
3355,102
4095,71
3335,99
4095,65
3334,101
4095,66
3390,112
4069,64
3408,106
4095,65
3370,89
4095,64
3245,103
4095,68
3181,107
3922,67
3253,100
4095,64
3377,112
4095,53
3390,41
4095,82
3427,95
4062,64
3459,103
4092,71
3395,98
4095,71
3357,98
4063,66
3424,111
4079,64
3359,96
4095,66
3371,99
4095,66
3362,98
4082,67
