Command: /Users/sofiacastelli/esp/idf-tools/python_env/idf5.5_py3.13_env/bin/python /Users/sofiacastelli/esp/idf/esp-idf/tools/idf_monitor.py -p /dev/cu.usbserial-0001 -b 115200 --toolchain-prefix xtensa-esp32-elf- --target esp32 --revision 0 /Users/sofiacastelli/Documents/GitHub/Rep_SE_Lab2_Poch_Castelli/ejercicio_2/build/ejercicio_2.elf /Users/sofiacastelli/Documents/GitHub/Rep_SE_Lab2_Poch_Castelli/ejercicio_2/build/bootloader/bootloader.elf -m '/Users/sofiacastelli/esp/idf-tools/python_env/idf5.5_py3.13_env/bin/python' '/Users/sofiacastelli/esp/idf/esp-idf/tools/idf.py'
hip revision: v3.0
[0;32mI (33) boot.esp32: SPI Speed      : 40MHz[0m
[0;32mI (37) ï¿½ï¿½ï¿½ï¿½[0m
[0;32mI (51) boot: ## Label            Usage          Type ST Offset   Length[0m
[0;32mI (57) boot:  0 nvs              WiFi data        01 02 00009000 00006000[0m
[0;32mI (64) boot:  1 phy_init         RF data          01ï¿½ets Jul 29 2019 12:21:46[0m

rst:0x1 (POWERON_RESET),boot:0x13 (SPI_FAST_FLASH_BOOT)
configsip: 0, SPIWP:0xee
clk_drv:0x00,q_drv:0x00,d_drv:0x00,cs0_drv:0x00,hd_drv:0x00,wp_drv:0x00
mode:DIO, clock div:2
load:0x3fff0030,len:6368
load:0x40078000,len:15880
load:0x40080400,len:3860
entry 0x40080638
[0;32mI (27) boot: ESP-IDF v5.5-dev-2488-gee77c489e7 2nd stage bootloader[0m
[0;32mI (27) boot: compile time Apr 24 2025 09:45:11[0m
[0;32mI (28) boot: Multicore bootloader[0m
[0;32mI (30) boot: chip revision: v3.0[0m
[0;32mI (33) boot.esp32: SPI Speed      : 40MHz[0m
[0;32mI (37) boot.esp32: SPI Mode       : DIO[0m
[0;32mI (40) boot.esp32: SPI Flash Size : 2MB[0m
[0;32mI (44) boot: Enabling RNG early entropy source...[0m
[0;32mI (49) boot: Partition Table:[0m
[0;32mI (51) boot: ## Label            Usage          Type ST Offset   Length[0m
[0;32mI (57) boot:  0 nvs              WiFi data        01 02 00009000 00006000[0m
[0;32mI (64) boot:  1 phy_init         RF data          01 01 0000f000 00001000[0m
[0;32mI (71) boot:  2 factory          factory app      00 00 00010000 00100000[0m
[0;32mI (77) boot: End of partition table[0m
[0;32mI (80) esp_image: segment 0: paddr=00010020 vaddr=3f400020 size=0a34ch ( 41804) map[0m
[0;32mI (102) esp_image: segment 1: paddr=0001a374 vaddr=3ff80000 size=0001ch (    28) load[0m
[0;32mI (102) esp_image: segment 2: paddr=0001a398 vaddr=3ffb0000 size=02324h (  8996) load[0m
[0;32mI (109) esp_image: segment 3: paddr=0001c6c4 vaddr=40080000 size=03954h ( 14676) load[0m
[0;32mI (119) esp_image: segment 4: paddr=00020020 vaddr=400d0020 size=15254h ( 86612) map[0m
[0;32mI (151) esp_image: segment 5: paddr=0003527c vaddr=40083954 size=09304h ( 37636) load[0m
[0;32mI (172) boot: Loaded app from partition at offset 0x10000[0m
[0;32mI (172) boot: Disabling RNG early entropy source...[0m
[0;32mI (182) cpu_start: Multicore app[0m
[0;32mI (191) cpu_start: Pro cpu start user code[0m
[0;32mI (191) cpu_start: cpu freq: 160000000 Hz[0m
[0;32mI (191) app_init: Application information:[0m
[0;32mI (191) app_init: Project name:     ejercicio_2[0m
[0;32mI (195) app_init: App version:      6d87eb7-dirty[0m
[0;32mI (200) app_init: Compile time:     May  8 2025 09:19:44[0m
[0;32mI (205) app_init: ELF file SHA256:  064879d8e...[0m
[0;32mI (209) app_init: ESP-IDF:          v5.5-dev-2488-gee77c489e7[0m
[0;32mI (215) efuse_init: Min chip rev:     v0.0[0m
[0;32mI (218) efuse_init: Max chip rev:     v3.99 [0m
[0;32mI (222) efuse_init: Chip rev:         v3.0[0m
[0;32mI (226) heap_init: Initializing. RAM available for dynamic allocation:[0m
[0;32mI (233) heap_init: At 3FFAE6E0 len 00001920 (6 KiB): DRAM[0m
[0;32mI (238) heap_init: At 3FFB2BF0 len 0002D410 (181 KiB): DRAM[0m
[0;32mI (243) heap_init: At 3FFE0440 len 00003AE0 (14 KiB): D/IRAM[0m
[0;32mI (248) heap_init: At 3FFE4350 len 0001BCB0 (111 KiB): D/IRAM[0m
[0;32mI (254) heap_init: At 4008CC58 len 000133A8 (76 KiB): IRAM[0m
[0;32mI (260) spi_flash: detected chip: generic[0m
[0;32mI (263) spi_flash: flash io: dio[0m
[0;33mW (266) spi_flash: Detected size(4096k) larger than the size in the binary image header(2048k). Using the size in the binary image header.[0m
[0;33mW (278) ADC: legacy driver is deprecated, please migrate to `esp_adc/adc_oneshot.h`[0m
[0;32mI (286) main_task: Started on CPU0[0m
[0;32mI (296) main_task: Calling app_main()[0m
[0;32mI (296) gpio: GPIO[14]| InputEn: 0| OutputEn: 0| OpenDrain: 0| Pullup: 1| Pulldown: 0| Intr:0 [0m
805,0
[0;32mI (296) main_task: Returned from app_main()[0m
3849,0
0,0
3647,0
0,0
3861,0
0,0
3887,0
0,0
3841,0
0,0
3457,0
0,0
3505,0
0,0
3519,0
0,0
3511,0
0,0
3495,0
0,0
3504,0
0,0
3707,0
0,0
3519,0
0,0
4061,0
0,0
4095,0
0,0
4095,0
0,0
3797,0
0,0
3660,0
0,0
3403,0
0,0
4095,0
0,0
4095,0
0,0
3792,0
0,0
4095,0
0,0
3718,0
0,0
3819,0
0,0
4095,0
0,0
3447,0
0,0
3470,0
0,0
3834,0
0,0
3537,0
0,0
3847,0
0,0
3815,0
0,0
3504,0
0,0
3851,0
0,0
3482,0
0,0
3824,0
0,0
3833,0
0,0
3705,0
0,0
3646,0
0,0
3430,0
0,0
3920,0
0,0
3758,0
0,0
3834,0
0,0
3818,0
0,0
3933,0
0,0
4047,0
0,0
3853,0
0,0
3813,0
0,0
4095,0
0,0
3771,0
0,0
4095,0
0,0
3215,0
0,0
3952,0
0,0
3609,0
0,0
3742,0
0,0
3837,0
0,0
3797,0
0,0
3841,0
0,0
3846,0
0,0
3452,0
0,0
3817,0
0,0
3822,0
0,0
3454,0
0,0
3442,0
0,0
3629,0
0,0
3380,0
0,0
4095,0
0,0
4095,0
0,0
4095,0
0,0
3650,0
0,0
4095,0
0,0
4095,0
0,0
3815,0
0,0
3867,0
0,0
4095,0
0,0
3954,0
0,0
3455,0
0,0
4095,0
0,0
3542,0
0,0
3633,0
0,0
3857,0
0,0
3847,0
0,0
3725,0
0,0
3500,0
0,0
3833,0
0,0
3696,0
0,0
3837,0
0,0
3500,0
0,0
3504,0
0,0
3440,0
0,0
3536,0
0,0
3653,0
0,0
4095,0
0,0
3801,0
0,0
3723,0
0,0
4095,0
0,0
3807,0
0,0
4095,0
0,0
4095,0
0,0
3778,0
0,0
4095,0
0,0
3399,0
0,0
3392,0
0,0
3394,0
0,0
3505,0
0,0
3731,0
0,0
3277,0
0,0
3817,0
0,0
3823,0
0,0
3888,0
0,0
3891,0
0,0
3888,0
0,0
3889,0
0,0
3494,0
0,0
3505,0
0,0
3577,0
0,0
3792,0
0,0
3392,0
0,0
4095,0
0,0
4095,0
0,0
4095,0
0,0
4017,0
0,0
3831,0
0,0
3885,0
0,0
3761,0
0,0
3683,0
0,0
3603,0
0,0
3626,0
0,0
3440,0
0,0
3253,0
0,0
3531,0
0,0
3334,0
0,0
3623,0
0,0
3579,0
0,0
3607,0
0,0
3513,0
0,0
3627,0
0,0
3397,0
0,0
3646,0
0,0
3353,0
0,0
3482,0
0,0
3618,0
0,0
4095,0
0,0
3794,0
0,0
4095,0
0,0
4095,0
0,0
3984,0
0,0
4095,0
0,0
3985,0
0,0
4095,0
0,0
3731,0
0,0
4055,0
0,0
4038,0
0,0
3738,0
0,0
3983,0
0,0
4034,0
0,0
4095,0
0,0
3994,0
0,0
3982,0
0,0
3952,0
0,0
3630,0
0,0
3615,0
0,0
4016,0
0,0
3666,0
0,0
3902,0
0,0
4031,0
0,0
4053,0
0,0
4095,0
0,0
4095,0
0,0
4095,0
0,0
4095,0
0,0
4016,0
0,0
4095,0
0,0
3703,0
0,0
3935,0
0,0
4011,0
0,0
3989,0
0,0
3940,0
0,0
4015,0
0,0
4026,0
0,0
4048,0
0,0
4038,0
0,0
4095,0
0,0
4095,0
0,0
4095,0
0,0
4095,0
0,0
3959,0
0,0
4095,0
0,0
4095,0
0,0
4095,0
0,0
3583,0
0,0
4048,0
0,0
4033,0
0,0
3674,0
0,0
3990,0
0,0
4015,0
0,0
3863,0
0,0
3966,0
0,0
4095,0
0,0
4095,0
0,0
4031,0
0,0
4095,0
0,0
3971,0
0,0
3924,0
0,0
4095,0
0,0
4095,0
0,0
3901,0
0,0
3702,0
0,0
3732,0
16,0
3466,0
0,0
3956,0
0,0
3856,0
0,0
4095,0
0,0
3991,0
0,0
3935,0
0,0
4095,0
0,0
4095,0
0,0
3987,0
0,0
4095,0
0,0
4095,0
0,0
4095,0
0,0
3648,0
0,0
4095,0
0,0
3622,0
0,0
3502,0
0,0
3687,0
0,0
3663,0
0,0
3931,0
0,0
4095,0
0,0
4095,0
0,0
4095,0
0,0
4095,0
0,0
4095,0
0,0
3908,0
0,0
4095,0
0,0
4095,0
0,0
3568,0
0,0
3835,0
0,0
4095,0
0,0
3705,0
0,0
4006,0
0,0
3743,0
0,0
4095,0
0,0
4095,0
0,0
4095,0
0,0
3861,0
0,0
4009,0
0,0
4026,0
0,0
4095,0
0,0
4095,0
0,0
4095,0
0,0
3943,0
0,0
4075,0
0,0
3814,0
0,0
4095,0
0,0
4095,0
0,0
3856,0
0,0
4095,0
0,0
4095,0
0,0
4095,0
0,0
4095,0
0,0
4095,0
0,0
4018,0
0,0
4095,0
0,0
4095,0
0,0
4095,0
0,0
4031,0
0,0
4000,0
0,0
4095,0
0,0
4095,0
0,0
3815,0
0,0
3923,0
0,0
4095,0
0,0
4095,0
0,0
4095,0
0,0
4095,0
0,0
4095,0
0,0
4095,0
0,0
4095,0
0,0
4095,0
0,0
4095,0
0,0
3955,0
0,0
3942,0
0,0
4095,0
0,0
4095,0
0,0
3799,0
0,0
4095,0
0,0
4095,0
0,0
4095,0
0,0
4095,0
0,0
4012,0
0,0
4095,0
0,0
4095,0
0,0
4047,0
0,0
4095,0
0,0
4027,0
0,0
4095,0
0,0
4095,0
0,0
3975,0
0,0
4095,0
0,0
4058,0
0,0
4095,0
0,0
4095,0
0,0
4059,0
0,0
4095,0
0,0
4095,0
0,0
4095,0
0,0
4095,0
0,0
4095,0
0,0
4095,0
0,0
4095,0
0,0
4095,0
0,0
4050,0
0,0
4095,0
0,0
4095,0
0,0
4095,0
0,0
4095,0
0,0
4095,0
0,0
4095,0
0,0
4095,0
0,0
4095,0
0,0
4095,0
0,0
4095,0
0,0
4095,0
0,0
4095,0
0,0
4095,0
0,0
4095,0
0,0
4095,0
0,0
4095,0
0,0
4088,0
0,0
4048,0
0,0
4095,0
0,0
4095,0
0,0
4095,0
0,0
4095,0
0,0
4095,0
0,0
4095,0
0,0
4095,0
0,0
4095,0
0,0
4095,0
0,0
4095,0
0,0
4095,0
0,0
4095,0
0,0
4095,0
0,0
4095,0
0,0
4095,0
0,0
4095,0
0,0
4095,0
0,0
4095,0
0,0
4095,0
0,0
4095,0
0,0
4095,0
0,0
4095,0
0,0
4095,0
0,0
4095,0
0,0
4095,0
0,0
4095,0
0,0
4095,0
0,0
4095,0
0,0
4095,0
0,0
4095,0
0,0
4095,0
0,0
4095,0
0,0
4095,0
0,0
4095,0
0,0
4095,0
0,0
4095,0
0,0
4095,0
0,0
4095,0
0,0
4095,0
0,0
4095,0
0,0
4095,0
0,0
4095,0
0,0
4095,0
0,0
4095,0
0,0
4095,0
0,0
4095,0
0,0
4095,0
0,0
4095,0
0,0
4095,0
0,0
4095,0
0,0
4095,0
0,0
4095,0
0,0
4095,0
0,0
4095,0
0,0
4095,0
0,0
4095,0
0,0
4095,0
0,0
4095,0
0,0
4095,0
0,0
4095,0
0,0
4095,0
0,0
4095,0
0,0
4048,0
0,0
4095,0
0,0
4095,0
0,0
4095,0
0,0
4095,0
0,0
4095,0
0,0
4095,0
0,0
4095,0
0,0
4095,0
0,0
4095,0
0,0
4095,0
0,0
4095,0
0,0
4095,0
0,0
4095,0
0,0
4095,0
0,0
4095,0
0,0
3905,0
0,0
4095,0
0,0
4095,0
0,0
4095,0
0,0
4095,0
0,0
4095,0
0,0
4095,0
0,0
4095,0
0,0
4095,0
0,0
4095,0
0,0
4095,0
0,0
4095,0
0,0
4095,0
0,0
4095,0
0,0
4095,0
0,0
4095,0
0,0
4095,0
0,0
4095,0
0,0
4095,0
0,0
4095,0
0,0
4095,0
0,0
4095,0
0,0
4095,0
0,0
4095,0
0,0
4095,0
0,0
4095,0
0,0
4095,0
0,0
4095,0
0,0
4095,0
0,0
4095,0
0,0
4095,0
0,0
4095,0
0,0
4095,0
1308,0
4095,0
3222,0
3766,0
3662,0
3728,0
3678,0
3763,0
3682,0
3741,0
3720,0
3671,0
3449,0
3749,0
3454,0
3725,0
3697,0
3730,0
3716,0
3788,0
3700,0
3713,0
3702,0
3707,0
3605,0
3692,0
3707,0
3694,0
3686,0
3699,0
3689,0
3686,0
3675,0
3697,0
3646,0
3894,0
3607,0
3281,0
3578,0
3473,0
3694,0
3632,0
3665,0
3660,0
3653,0
3667,0
3641,0
3583,0
3638,0
3667,0
3654,0
3622,0
3643,0
3653,0
3643,0
3639,0
3647,0
3638,0
3647,0
3624,0
3626,0
3627,0
3500,0
3669,0
3540,0
3491,0
3672,0
3760,0
3627,0
3618,0
3568,0
3580,0
3573,0
3568,0
3522,0
3600,0
3595,0
3620,0
3538,0
3625,0
3547,0
3614,0
3500,0
4095,0
1918,0
4095,0
3346,0
4095,0
3152,0
4095,0
2720,0
4095,0
