Command: /Users/sofiacastelli/esp/idf-tools/python_env/idf5.5_py3.13_env/bin/python /Users/sofiacastelli/esp/idf/esp-idf/tools/idf_monitor.py -p /dev/cu.usbserial-0001 -b 115200 --toolchain-prefix xtensa-esp32-elf- --target esp32 --revision 0 /Users/sofiacastelli/Documents/GitHub/Rep_SE_Lab2_Poch_Castelli/ejercicio_2/build/ejercicio_2.elf /Users/sofiacastelli/Documents/GitHub/Rep_SE_Lab2_Poch_Castelli/ejercicio_2/build/bootloader/bootloader.elf -m '/Users/sofiacastelli/esp/idf-tools/python_env/idf5.5_py3.13_env/bin/python' '/Users/sofiacastelli/esp/idf/esp-idf/tools/idf.py'
ip revision: v3.0
[0;32mI (33) boot.esp32: SPI Speed      : 40MHz[0m
[0;32mI (37) ï¿½ï¿½ï¿½ï¿½[0m
[0;32mI (51) boot: ## Label            Usage          Type ST Offset   Length[0m
[0;32mI (57) boot:  0 nvs              WiFi data        01 02 00009000 00006000[0m
[0;32mI (64) boot:  1 phy_init         RF data          01ï¿½ets Jul 29 2019 12:21:46[0m

rst:0x1 (POWERON_RESET),boot:0x13 (SPI_FAST_FLASH_BOOT)
configsip: 0, SPIWP:0xee
clk_drv:0x00,q_drv:0x00,d_drv:0x00,cs0_drv:0x00,hd_drv:0x00,wp_drv:0x00
mode:DIO, clock div:2
load:0x3fff0030,len:6368
load:0x40078000,len:15880
load:0x40080400,len:3860
entry 0x40080638
[0;32mI (27) boot: ESP-IDF v5.5-dev-2488-gee77c489e7 2nd stage bootloader[0m
[0;32mI (28) boot: compile time Apr 24 2025 09:45:11[0m
[0;32mI (28) boot: Multicore bootloader[0m
[0;32mI (30) boot: chip revision: v3.0[0m
[0;32mI (33) boot.esp32: SPI Speed      : 40MHz[0m
[0;32mI (37) boot.esp32: SPI Mode       : DIO[0m
[0;32mI (40) boot.esp32: SPI Flash Size : 2MB[0m
[0;32mI (44) boot: Enabling RNG early entropy source...[0m
[0;32mI (49) boot: Partition Table:[0m
[0;32mI (51) boot: ## Label            Usage          Type ST Offset   Length[0m
[0;32mI (57) boot:  0 nvs              WiFi data        01 02 00009000 00006000[0m
[0;32mI (64) boot:  1 phy_init         RF data          01 01 0000f000 00001000[0m
[0;32mI (71) boot:  2 factory          factory app      00 00 00010000 00100000[0m
[0;32mI (77) boot: End of partition table[0m
[0;32mI (80) esp_image: segment 0: paddr=00010020 vaddr=3f400020 size=0a34ch ( 41804) map[0m
[0;32mI (102) esp_image: segment 1: paddr=0001a374 vaddr=3ff80000 size=0001ch (    28) load[0m
[0;32mI (102) esp_image: segment 2: paddr=0001a398 vaddr=3ffb0000 size=02324h (  8996) load[0m
[0;32mI (109) esp_image: segment 3: paddr=0001c6c4 vaddr=40080000 size=03954h ( 14676) load[0m
[0;32mI (119) esp_image: segment 4: paddr=00020020 vaddr=400d0020 size=152b4h ( 86708) map[0m
[0;32mI (151) esp_image: segment 5: paddr=000352dc vaddr=40083954 size=09304h ( 37636) load[0m
[0;32mI (172) boot: Loaded app from partition at offset 0x10000[0m
[0;32mI (172) boot: Disabling RNG early entropy source...[0m
[0;32mI (182) cpu_start: Multicore app[0m
[0;32mI (191) cpu_start: Pro cpu start user code[0m
[0;32mI (191) cpu_start: cpu freq: 160000000 Hz[0m
[0;32mI (191) app_init: Application information:[0m
[0;32mI (191) app_init: Project name:     ejercicio_2[0m
[0;32mI (195) app_init: App version:      9bf1265-dirty[0m
[0;32mI (200) app_init: Compile time:     May 15 2025 15:58:44[0m
[0;32mI (205) app_init: ELF file SHA256:  7d57a1c95...[0m
[0;32mI (209) app_init: ESP-IDF:          v5.5-dev-2488-gee77c489e7[0m
[0;32mI (215) efuse_init: Min chip rev:     v0.0[0m
[0;32mI (218) efuse_init: Max chip rev:     v3.99 [0m
[0;32mI (222) efuse_init: Chip rev:         v3.0[0m
[0;32mI (227) heap_init: Initializing. RAM available for dynamic allocation:[0m
[0;32mI (233) heap_init: At 3FFAE6E0 len 00001920 (6 KiB): DRAM[0m
[0;32mI (238) heap_init: At 3FFB2BF0 len 0002D410 (181 KiB): DRAM[0m
[0;32mI (243) heap_init: At 3FFE0440 len 00003AE0 (14 KiB): D/IRAM[0m
[0;32mI (248) heap_init: At 3FFE4350 len 0001BCB0 (111 KiB): D/IRAM[0m
[0;32mI (254) heap_init: At 4008CC58 len 000133A8 (76 KiB): IRAM[0m
[0;32mI (260) spi_flash: detected chip: generic[0m
[0;32mI (263) spi_flash: flash io: dio[0m
[0;33mW (266) spi_flash: Detected size(4096k) larger than the size in the binary image header(2048k). Using the size in the binary image header.[0m
[0;33mW (278) ADC: legacy driver is deprecated, please migrate to `esp_adc/adc_oneshot.h`[0m
[0;32mI (286) main_task: Started on CPU0[0m
[0;32mI (296) main_task: Calling app_main()[0m
[0;32mI (296) gpio: GPIO[14]| InputEn: 0| OutputEn: 0| OpenDrain: 0| Pullup: 1| Pulldown: 0| Intr:0 [0m
0,267
[0;32mI (296) main_task: Returned from app_main()[0m
0,0
0,0
16,0
0,0
0,0
0,0
0,0
0,0
0,0
0,0
0,0
0,0
0,0
0,0
0,0
0,0
0,0
0,0
0,0
0,0
0,0
0,0
0,0
0,0
0,0
615,0
3354,94
1190,0
0,0
0,0
0,0
14,0
2166,46
2203,33
1955,29
2246,48
1001,0
0,0
0,0
1089,0
4095,143
2927,78
2368,47
2093,42
112,0
1839,25
1784,35
499,0
0,0
558,0
0,0
0,0
43,0
750,0
164,0
0,0
0,0
333,0
215,0
0,0
1183,1
481,0
0,0
0,0
0,0
592,0
0,0
0,0
0,0
0,0
491,0
817,0
0,0
0,0
461,0
305,0
0,0
390,0
0,0
177,0
0,0
0,0
829,0
480,0
0,0
0,0
0,0
0,0
0,0
0,0
0,0
0,0
0,0
0,0
336,0
735,0
1901,30
1808,23
1355,7
511,0
0,0
0,0
0,0
671,0
400,0
0,0
0,0
576,0
733,0
14,0
0,0
0,0
1092,0
586,0
0,0
829,0
1273,1
231,0
0,0
0,0
963,0
132,0
78,0
0,0
1008,0
282,0
0,0
0,0
0,0
805,0
0,0
0,0
0,0
1786,22
240,0
0,0
0,0
0,0
1050,0
400,0
1664,16
0,0
419,0
0,0
0,0
1415,14
0,0
243,0
213,0
917,0
823,0
0,0
0,0
1693,20
1232,0
529,0
0,0
0,0
0,0
0,0
0,0
0,0
79,0
126,0
0,0
0,0
0,0
78,0
0,0
0,0
0,0
0,0
0,0
1188,0
1322,3
1734,10
0,0
1085,0
0,0
572,0
533,0
1139,0
3005,65
1226,0
1867,20
2830,76
0,0
0,0
0,0
0,0
0,0
0,0
0,0
238,0
0,0
41,0
0,0
0,0
744,0
0,0
640,0
1099,0
689,0
49,0
0,0
0,0
0,0
0,0
0,0
0,0
0,0
3131,83
4095,112
3155,64
3608,96
3805,109
3394,93
3999,117
4095,112
3487,94
2906,73
1338,5
651,0
0,0
1987,33
0,0
3995,107
4095,128
4095,128
4095,129
4095,130
4095,128
4095,132
4095,133
4095,144
4095,131
4095,133
3426,103
3313,94
3394,95
3374,101
3292,96
3358,99
3379,98
3374,96
3310,96
3313,92
3335,91
4095,133
4095,135
4095,133
4095,131
4095,137
4095,134
4095,133
4095,128
4095,139
4095,142
4095,128
4095,128
4095,133
4095,130
4095,131
4095,131
4095,130
4095,129
4095,133
4095,132
4095,138
4095,131
4095,128
4095,129
4095,131
4095,120
4095,135
4095,131
4095,131
4095,128
4095,134
4095,131
4095,139
4095,134
4095,130
4095,141
4095,128
4095,126
4095,139
4095,140
4048,125
4026,123
4095,128
3881,113
3409,101
4095,133
4095,131
3104,86
3158,83
3149,84
3313,97
3139,83
3144,87
3047,80
3149,87
2998,86
3153,85
3170,83
3174,86
3184,87
3174,86
3491,102
4095,138
0,0
0,0
0,0
0,0
427,0
867,0
368,0
0,0
0,0
0,0
0,0
576,0
2345,43
2645,49
4095,115
4053,121
2538,41
878,0
1561,13
1878,15
755,0
1950,20
1676,5
1600,0
805,0
966,0
935,0
802,0
1635,16
1562,11
1686,16
0,0
1319,0
315,0
1121,0
1040,6
1093,0
109,0
0,0
0,0
0,0
176,0
555,0
44,0
688,0
688,0
473,0
3,0
0,0
0,0
477,0
128,0
267,0
448,0
47,0
0,0
381,0
0,0
0,0
0,0
0,0
1709,18
4095,137
4095,113
2780,64
58,0
0,0
0,0
0,0
0,0
0,0
0,0
0,0
0,0
0,0
0,0
0,0
3927,115
3985,102
4095,123
4095,113
2450,48
3002,75
3532,96
1693,15
0,0
73,0
2416,48
1868,27
2704,62
2320,48
2112,23
0,0
0,0
0,0
57,0
0,0
0,0
995,0
2256,38
85,0
55,0
708,0
0,0
0,0
0,0
0,0
0,0
0,0
832,0
1135,0
172,0
0,0
0,0
0,0
0,0
0,0
0,0
0,0
0,0
0,0
0,0
464,0
0,0
0,0
0,0
0,0
352,0
798,0
0,0
0,0
0,0
215,0
0,0
0,0
0,0
0,0
0,0
0,0
0,0
0,0
0,0
0,0
432,0
307,0
187,0
0,0
0,0
0,0
0,0
0,0
18,0
0,0
0,0
18,0
42,0
0,0
0,0
0,0
0,0
0,0
0,0
0,0
0,0
0,0
0,0
93,0
0,0
26,0
0,0
0,0
9,0
0,0
0,0
0,0
0,0
0,0
0,0
0,0
24,0
0,0
0,0
0,0
0,0
0,0
0,0
0,0
0,0
0,0
0,0
0,0
0,0
0,0
0,0
0,0
0,0
0,0
0,0
0,0
0,0
0,0
0,0
0,0
0,0
10,0
0,0
0,0
0,0
0,0
0,0
0,0
0,0
0,0
0,0
0,0
0,0
0,0
0,0
0,0
0,0
0,0
0,0
0,0
0,0
0,0
0,0
0,0
0,0
0,0
0,0
0,0
0,0
0,0
0,0
0,0
17,0
0,0
0,0
0,0
0,0
0,0
0,0
0,0
0,0
0,0
0,0
0,0
0,0
0,0
0,0
0,0
0,0
0,0
0,0
0,0
0,0
0,0
0,0
0,0
0,0
0,0
0,0
0,0
0,0
0,0
0,0
0,0
0,0
0,0
0,0
0,0
0,0
0,0
0,0
0,0
0,0
0,0
0,0
0,0
0,0
0,0
0,0
0,0
0,0
0,0
0,0
0,0
0,0
0,0
0,0
0,0
0,0
0,0
0,0
0,0
0,0
0,0
0,0
0,0
0,0
0,0
0,0
0,0
0,0
0,0
0,0
0,0
0,0
0,0
0,0
0,0
0,0
0,0
0,0
0,0
0,0
0,0
0,0
0,0
0,0
0,0
0,0
0,0
0,0
0,0
27,0
0,0
0,0
189,0
625,0
0,0
615,0
0,0
0,0
0,0
647,0
575,0
569,0
0,0
176,0
0,0
0,0
0,0
0,0
0,0
0,0
0,0
0,0
0,0
0,0
304,0
816,0
167,0
105,0
839,0
2222,29
2165,36
2128,30
2469,47
2497,46
2950,64
2847,59
1242,0
1505,0
2113,27
2551,48
2711,54
3178,80
2918,63
2943,69
2426,46
2095,33
2214,32
1766,16
1033,0
0,0
0,0
0,0
0,0
3875,105
3898,106
2528,64
2485,48
1894,19
3749,99
3826,105
4095,120
3488,85
1792,16
4095,121
0,0
0,0
0,0
3101,78
3695,94
3319,89
3668,93
3470,89
2786,62
2160,33
1615,14
234,0
258,0
259,0
219,0
256,0
