Command: /Users/sofiacastelli/esp/idf-tools/python_env/idf5.5_py3.13_env/bin/python /Users/sofiacastelli/esp/idf/esp-idf/tools/idf_monitor.py -p /dev/cu.usbserial-110 -b 115200 --toolchain-prefix xtensa-esp32-elf- --target esp32 --revision 0 /Users/sofiacastelli/Documents/GitHub/Rep_SE_Lab2_Poch_Castelli/ejercicio_final/build/ejercicio_final.elf /Users/sofiacastelli/Documents/GitHub/Rep_SE_Lab2_Poch_Castelli/ejercicio_final/build/bootloader/bootloader.elf -m '/Users/sofiacastelli/esp/idf-tools/python_env/idf5.5_py3.13_env/bin/python' '/Users/sofiacastelli/esp/idf/esp-idf/tools/idf.py'
ets Jul ï¿½ets Jul 29 2019 12:21:46

rst:0x1 (POWERON_RESET),boot:0x13 (SPI_FAST_FLASH_BOOT)
configsip: 0, SPIWP:0xee
clk_drv:0x00,q_drv:0x00,d_drv:0x00,cs0_drv:0x00,hd_drv:0x00,wp_drv:0x00
mode:DIO, clock div:2
load:0x3fff0030,len:6368
load:0x40078000,len:15880
load:0x40080400,len:3860
entry 0x40080638
[0;32mI (27) boot: ESP-IDF v5.5-dev-2488-gee77c489e7 2nd stage bootloader[0m
[0;32mI (27) boot: compile time May 16 2025 16:51:57[0m
[0;32mI (28) boot: Multicore bootloader[0m
[0;32mI (30) boot: chip revision: v3.1[0m
[0;32mI (33) boot.esp32: SPI Speed      : 40MHz[0m
[0;32mI (37) boot.esp32: SPI Mode       : DIO[0m
[0;32mI (40) boot.esp32: SPI Flash Size : 4MB[0m
[0;32mI (44) boot: Enabling RNG early entropy source...[0m
[0;32mI (49) boot: Partition Table:[0m
[0;32mI (51) boot: ## Label            Usage          Type ST Offset   Length[0m
[0;32mI (57) boot:  0 nvs              WiFi data        01 02 00009000 00005000[0m
[0;32mI (64) boot:  1 phy_init         RF data          01 01 0000e000 00001000[0m
[0;32mI (71) boot:  2 factory          factory app      00 00 00010000 00100000[0m
[0;32mI (77) boot:  3 storage          Unknown data     01 82 00110000 00100000[0m
[0;32mI (84) boot: End of partition table[0m
[0;32mI (87) esp_image: segment 0: paddr=00010020 vaddr=3f400020 size=10028h ( 65576) map[0m
[0;32mI (117) esp_image: segment 1: paddr=00020050 vaddr=3ff80000 size=0001ch (    28) load[0m
[0;32mI (117) esp_image: segment 2: paddr=00020074 vaddr=3ffb0000 size=035e0h ( 13792) load[0m
[0;32mI (126) esp_image: segment 3: paddr=0002365c vaddr=40080000 size=0c9bch ( 51644) load[0m
[0;32mI (148) esp_image: segment 4: paddr=00030020 vaddr=400d0020 size=2efa8h (192424) map[0m
[0;32mI (214) esp_image: segment 5: paddr=0005efd0 vaddr=4008c9bc size=01da0h (  7584) load[0m
[0;32mI (225) boot: Loaded app from partition at offset 0x10000[0m
[0;32mI (225) boot: Disabling RNG early entropy source...[0m
[0;32mI (235) cpu_start: Multicore app[0m
[0;32mI (244) cpu_start: Pro cpu start user code[0m
[0;32mI (244) cpu_start: cpu freq: 160000000 Hz[0m
[0;32mI (244) app_init: Application information:[0m
[0;32mI (244) app_init: Project name:     ejercicio_final[0m
[0;32mI (249) app_init: App version:      58ea48b-dirty[0m
[0;32mI (253) app_init: Compile time:     May 16 2025 17:38:11[0m
[0;32mI (258) app_init: ELF file SHA256:  81aec94ee...[0m
[0;32mI (262) app_init: ESP-IDF:          v5.5-dev-2488-gee77c489e7[0m
[0;32mI (268) efuse_init: Min chip rev:     v0.0[0m
[0;32mI (272) efuse_init: Max chip rev:     v3.99 [0m
[0;32mI (276) efuse_init: Chip rev:         v3.1[0m
[0;32mI (280) heap_init: Initializing. RAM available for dynamic allocation:[0m
[0;32mI (286) heap_init: At 3FFAE6E0 len 00001920 (6 KiB): DRAM[0m
[0;32mI (291) heap_init: At 3FFB4820 len 0002B7E0 (173 KiB): DRAM[0m
[0;32mI (296) heap_init: At 3FFE0440 len 00003AE0 (14 KiB): D/IRAM[0m
[0;32mI (302) heap_init: At 3FFE4350 len 0001BCB0 (111 KiB): D/IRAM[0m
[0;32mI (307) heap_init: At 4008E75C len 000118A4 (70 KiB): IRAM[0m
[0;32mI (314) spi_flash: detected chip: generic[0m
[0;32mI (316) spi_flash: flash io: dio[0m
[0;32mI (330) pm: Frequency switching config: CPU_MAX: 160, APB_MAX: 80, APB_MIN: 40, Light sleep: DISABLED[0m
[0;32mI (332) main_task: Started on CPU0[0m
[0;32mI (342) main_task: Calling app_main()[0m
[0;32mI (362) pm: Frequency switching config: CPU_MAX: 240, APB_MAX: 240, APB_MIN: 240, Light sleep: DISABLED[0m
[0;32mI (562) gpio: GPIO[25]| InputEn: 1| OutputEn: 0| OpenDrain: 0| Pullup: 1| Pulldown: 0| Intr:2 [0m
[0;32mI (562) cam_hal: cam init ok[0m
[0;32mI (562) sccb-ng: pin_sda 26 pin_scl 27[0m
[0;32mI (562) sccb-ng: sccb_i2c_port=1[0m
[0;32mI (562) gpio: GPIO[32]| InputEn: 0| OutputEn: 1| OpenDrain: 0| Pullup: 0| Pulldown: 0| Intr:0 [0m
[0;32mI (602) camera: Detected camera at address=0x30[0m
[0;32mI (602) camera: Detected OV2640 camera[0m
[0;32mI (602) camera: Camera PID=0x26 VER=0x42 MIDL=0x7f MIDH=0xa2[0m
[0;32mI (672) esp32 ll_cam: node_size: 3072, nodes_per_line: 1, lines_per_node: 4, dma_half_buffer_min:  3072, dma_half_buffer: 12288,lines_per_half_buffer: 16, dma_buffer_size: 24576, image_size: 18432[0m
[0;32mI (682) cam_hal: buffer_size: 24576, half_buffer_size: 12288, node_buffer_size: 3072, node_cnt: 8, total_cnt: 1[0m
[0;32mI (692) cam_hal: Allocating 9216 Byte frame buffer in OnBoard RAM[0m
[0;32mI (692) cam_hal: cam config ok[0m
[0;32mI (702) ov2640: Set PLL: clk_2x: 0, clk_div: 3, pclk_auto: 1, pclk_div: 8[0m
[0;32mI (28362) FINAL: Imagen 0 guardada en /spiffs/image_0.txt[0m
TIME_LOG: capture=70296, equalize=1241, sobel=3145, save=27451006, total=27525728
[0;32mI (28362) FINAL: Imagen procesada y almacenada (1/20)[0m
[0;32mI (92032) FINAL: Imagen 1 guardada en /spiffs/image_1.txt[0m
TIME_LOG: capture=10, equalize=1184, sobel=3134, save=62669050, total=62673398
[0;32mI (92032) FINAL: Imagen procesada y almacenada (2/20)[0m
[0;32mI (138372) FINAL: Imagen 2 guardada en /spiffs/image_2.txt[0m
TIME_LOG: capture=6, equalize=1184, sobel=3163, save=45339476, total=45343853
[0;32mI (138372) FINAL: Imagen procesada y almacenada (3/20)[0m
[0;32mI (184272) FINAL: Imagen 3 guardada en /spiffs/image_3.txt[0m
TIME_LOG: capture=6, equalize=1183, sobel=3132, save=44898925, total=44903266
[0;32mI (184272) FINAL: Imagen procesada y almacenada (4/20)[0m
[0;32mI (231542) FINAL: Imagen 4 guardada en /spiffs/image_4.txt[0m
TIME_LOG: capture=6, equalize=1184, sobel=3137, save=46269278, total=46273629
[0;32mI (231542) FINAL: Imagen procesada y almacenada (5/20)[0m
