Command: /Users/sofiacastelli/esp/idf-tools/python_env/idf5.5_py3.13_env/bin/python /Users/sofiacastelli/esp/idf/esp-idf/tools/idf_monitor.py -p /dev/cu.usbserial-110 -b 115200 --toolchain-prefix xtensa-esp32-elf- --target esp32 --revision 0 /Users/sofiacastelli/Documents/GitHub/Rep_SE_Lab2_Poch_Castelli/ejercicio_final/build/ejercicio_final.elf /Users/sofiacastelli/Documents/GitHub/Rep_SE_Lab2_Poch_Castelli/ejercicio_final/build/bootloader/bootloader.elf -m '/Users/sofiacastelli/esp/idf-tools/python_env/idf5.5_py3.13_env/bin/python' '/Users/sofiacastelli/esp/idf/esp-idf/tools/idf.py'
ets Jul ï¿½ets Jul 29 2019 12:21:46

rst:0x1 (POWERON_RESET),boot:0x13 (SPI_FAST_FLASH_BOOT)
configsip: 0, SPIWP:0xee
clk_drv:0x00,q_drv:0x00,d_drv:0x00,cs0_drv:0x00,hd_drv:0x00,wp_drv:0x00
mode:DIO, clock div:2
load:0x3fff0030,len:6368
load:0x40078000,len:15880
load:0x40080400,len:3860
entry 0x40080638
[0;32mI (27) boot: ESP-IDF v5.5-dev-2488-gee77c489e7 2nd stage bootloader[0m
[0;32mI (27) boot: compile time May 16 2025 15:46:08[0m
[0;32mI (28) boot: Multicore bootloader[0m
[0;32mI (30) boot: chip revision: v3.1[0m
[0;32mI (33) boot.esp32: SPI Speed      : 40MHz[0m
[0;32mI (37) boot.esp32: SPI Mode       : DIO[0m
[0;32mI (40) boot.esp32: SPI Flash Size : 8MB[0m
[0;32mI (44) boot: Enabling RNG early entropy source...[0m
[0;32mI (49) boot: Partition Table:[0m
[0;32mI (51) boot: ## Label            Usage          Type ST Offset   Length[0m
[0;32mI (57) boot:  0 nvs              WiFi data        01 02 00009000 00005000[0m
[0;32mI (64) boot:  1 phy_init         RF data          01 01 0000e000 00001000[0m
[0;32mI (71) boot:  2 factory          factory app      00 00 00010000 00100000[0m
[0;32mI (77) boot:  3 storage          Unknown data     01 82 00110000 00100000[0m
[0;32mI (84) boot: End of partition table[0m
[0;32mI (87) esp_image: segment 0: paddr=00010020 vaddr=3f400020 size=0fa98h ( 64152) map[0m
[0;32mI (116) esp_image: segment 1: paddr=0001fac0 vaddr=3ff80000 size=0001ch (    28) load[0m
[0;32mI (117) esp_image: segment 2: paddr=0001fae4 vaddr=3ffb0000 size=00534h (  1332) load[0m
[0;32mI (121) esp_image: segment 3: paddr=00020020 vaddr=400d0020 size=2e690h (190096) map[0m
[0;32mI (193) esp_image: segment 4: paddr=0004e6b8 vaddr=3ffb0534 size=0307ch ( 12412) load[0m
[0;32mI (197) esp_image: segment 5: paddr=0005173c vaddr=40080000 size=0e208h ( 57864) load[0m
[0;32mI (227) boot: Loaded app from partition at offset 0x10000[0m
[0;32mI (228) boot: Disabling RNG early entropy source...[0m
[0;32mI (238) cpu_start: Multicore app[0m
[0;32mI (246) cpu_start: Pro cpu start user code[0m
[0;32mI (246) cpu_start: cpu freq: 160000000 Hz[0m
[0;32mI (246) app_init: Application information:[0m
[0;32mI (247) app_init: Project name:     ejercicio_final[0m
[0;32mI (251) app_init: App version:      41fc6fd-dirty[0m
[0;32mI (255) app_init: Compile time:     May 16 2025 15:46:30[0m
[0;32mI (261) app_init: ELF file SHA256:  f282d14b8...[0m
[0;32mI (265) app_init: ESP-IDF:          v5.5-dev-2488-gee77c489e7[0m
[0;32mI (270) efuse_init: Min chip rev:     v0.0[0m
[0;32mI (274) efuse_init: Max chip rev:     v3.99 [0m
[0;32mI (278) efuse_init: Chip rev:         v3.1[0m
[0;32mI (282) heap_init: Initializing. RAM available for dynamic allocation:[0m
[0;32mI (288) heap_init: At 3FFAE6E0 len 00001920 (6 KiB): DRAM[0m
[0;32mI (293) heap_init: At 3FFB4778 len 0002B888 (174 KiB): DRAM[0m
[0;32mI (299) heap_init: At 3FFE0440 len 00003AE0 (14 KiB): D/IRAM[0m
[0;32mI (304) heap_init: At 3FFE4350 len 0001BCB0 (111 KiB): D/IRAM[0m
[0;32mI (310) heap_init: At 4008E208 len 00011DF8 (71 KiB): IRAM[0m
[0;32mI (316) spi_flash: detected chip: generic[0m
[0;32mI (318) spi_flash: flash io: dio[0m
[1;31mE (321) spi_flash: Detected size(4096k) smaller than the size in the binary image header(8192k). Probe failed.[0m

assert failed: __esp_system_init_fn_init_flash startup_funcs.c:114 (flash_ret == ESP_OK)


Backtrace: 0x40081959:0x3ffe3a60 0x40085c8d:0x3ffe3a80 0x4008bf39:0x3ffe3aa0 0x400d220e:0x3ffe3bc0 0x400d2b07:0x3ffe3be0 0x400d2b51:0x3ffe3c00 0x400d2bbb:0x3ffe3c20 0x400814a6:0x3ffe3c40 0x40079776:0x3ffe3c90 |<-CORRUPTED




ELF file SHA256: f282d14b8

Rebooting...
ets Jul 29 2019 12:21:46

rst:0xc (SW_CPU_RESET),boot:0x13 (SPI_FAST_FLASH_BOOT)
configsip: 0, SPIWP:0xee
clk_drv:0x00,q_drv:0x00,d_drv:0x00,cs0_drv:0x00,hd_drv:0x00,wp_drv:0x00
mode:DIO, clock div:2
load:0x3fff0030,len:6368
load:0x40078000,len:15880
load:0x40080400,len:3860
entry 0x40080638
[0;32mI (27) boot: ESP-IDF v5.5-dev-2488-gee77c489e7 2nd stage bootloader[0m
[0;32mI (27) boot: compile time May 16 2025 15:46:08[0m
[0;32mI (27) boot: Multicore bootloader[0m
[0;32mI (30) boot: chip revision: v3.1[0m
[0;32mI (33) boot.esp32: SPI Speed      : 40MHz[0m
[0;32mI (37) boot.esp32: SPI Mode       : DIO[0m
[0;32mI (40) boot.esp32: SPI Flash Size : 8MB[0m
[0;32mI (44) boot: Enabling RNG early entropy source...[0m
[0;32mI (48) boot: Partition Table:[0m
[0;32mI (51) boot: ## Label            Usage          Type ST Offset   Length[0m
[0;32mI (57) boot:  0 nvs              WiFi data        01 02 00009000 00005000[0m
[0;32mI (64) boot:  1 phy_init         RF data          01 01 0000e000 00001000[0m
[0;32mI (70) boot:  2 factory          factory app      00 00 00010000 00100000[0m
[0;32mI (77) boot:  3 storage          Unknown data     01 82 00110000 00100000[0m
[0;32mI (83) boot: End of partition table[0m
[0;32mI (87) esp_image: segment 0: paddr=00010020 vaddr=3f400020 size=0fa98h ( 64152) map[0m
[0;32mI (116) esp_image: segment 1: paddr=0001fac0 vaddr=3ff80000 size=0001ch (    28) load[0m
[0;32mI (116) esp_image: segment 2: paddr=0001fae4 vaddr=3ffb0000 size=00534h (  1332) load[0m
[0;32mI (121) esp_image: segment 3: paddr=00020020 vaddr=400d0020 size=2e690h (190096) map[0m
[0;32mI (193) esp_image: segment 4: paddr=0004e6b8 vaddr=3ffb0534 size=0307ch ( 12412) load[0m
[0;32mI (197) esp_image: segment 5: paddr=0005173c vaddr=40080000 size=0e208h ( 57864) load[0m
[0;32mI (227) boot: Loaded app from partition at offset 0x10000[0m
[0;32mI (227) boot: Disabling RNG early entropy source...[0m
[0;32mI (238) cpu_start: Multicore app[0m
[0;32mI (246) cpu_start: Pro cpu start user code[0m
[0;32mI (246) cpu_start: cpu freq: 160000000 Hz[0m
[0;32mI (246) app_init: Application information:[0m
[0;32mI (246) app_init: Project name:     ejercicio_final[0m
[0;32mI (251) app_init: App version:      41fc6fd-dirty[0m
[0;32mI (255) app_init: Compile time:     May 16 2025 15:46:30[0m
[0;32mI (260) app_init: ELF file SHA256:  f282d14b8...[0m
[0;32mI (265) app_init: ESP-IDF:          v5.5-dev-2488-gee77c489e7[0m
[0;32mI (270) efuse_init: Min chip rev:     v0.0[0m
[0;32mI (274) efuse_init: Max chip rev:     v3.99 [0m
[0;32mI (278) efuse_init: Chip rev:         v3.1[0m
[0;32mI (282) heap_init: Initializing. RAM available for dynamic allocation:[0m
[0;32mI (288) heap_init: At 3FFAE6E0 len 00001920 (6 KiB): DRAM[0m
[0;32mI (293) heap_init: At 3FFB4778 len 0002B888 (174 KiB): DRAM[0m
[0;32mI (299) heap_init: At 3FFE0440 len 00003AE0 (14 KiB): D/IRAM[0m
[0;32mI (304) heap_init: At 3FFE4350 len 0001BCB0 (111 KiB): D/IRAM[0m
[0;32mI (309) heap_init: At 4008E208 len 00011DF8 (71 KiB): IRAM[0m
[0;32mI (316) spi_flash: detected chip: generic[0m
[0;32mI (318) spi_flash: flash io: dio[0m
[1;31mE (321) spi_flash: Detected size(4096k) smaller than the size in the binary image header(8192k). Probe failed.[0m

assert failed: __esp_system_init_fn_init_flash startup_funcs.c:114 (flash_ret == ESP_OK)


Backtrace: 0x40081959:0x3ffe3a60 0x40085c8d:0x3ffe3a80 0x4008bf39:0x3ffe3aa0 0x400d220e:0x3ffe3bc0 0x400d2b07:0x3ffe3be0 0x400d2b51:0x3ffe3c00 0x400d2bbb:0x3ffe3c20 0x400814a6:0x3ffe3c40 0x40079776:0x3ffe3c90 |<-CORRUPTED




ELF file SHA256: f282d14b8

Rebooting...
ets Jul 29 2019 12:21:46

rst:0xc (SW_CPU_RESET),boot:0x13 (SPI_FAST_FLASH_BOOT)
configsip: 0, SPIWP:0xee
clk_drv:0x00,q_drv:0x00,d_drv:0x00,cs0_drv:0x00,hd_drv:0x00,wp_drv:0x00
mode:DIO, clock div:2
load:0x3fff0030,len:6368
load:0x40078000,len:15880
load:0x40080400,len:3860
entry 0x40080638
[0;32mI (27) boot: ESP-IDF v5.5-dev-2488-gee77c489e7 2nd stage bootloader[0m
[0;32mI (27) boot: compile time May 16 2025 15:46:08[0m
[0;32mI (27) boot: Multicore bootloader[0m
[0;32mI (30) boot: chip revision: v3.1[0m
[0;32mI (33) boot.esp32: SPI Speed      : 40MHz[0m
[0;32mI (37) boot.esp32: SPI Mode       : DIO[0m
[0;32mI (40) boot.esp32: SPI Flash Size : 8MB[0m
[0;32mI (44) boot: Enabling RNG early entropy source...[0m
[0;32mI (48) boot: Partition Table:[0m
[0;32mI (51) boot: ## Label            Usage          Type ST Offset   Length[0m
[0;32mI (57) boot:  0 nvs              WiFi data        01 02 00009000 00005000[0m
[0;32mI (64) boot:  1 phy_init         RF data          01 01 0000e000 00001000[0m
[0;32mI (70) boot:  2 factory          factory app      00 00 00010000 00100000[0m
[0;32mI (77) boot:  3 storage          Unknown data     01 82 00110000 00100000[0m
[0;32mI (83) boot: End of partition table[0m
[0;32mI (87) esp_image: segment 0: paddr=00010020 vaddr=3f400020 size=0fa98h ( 64152) map[0m
[0;32mI (116) esp_image: segment 1: paddr=0001fac0 vaddr=3ff80000 size=0001ch (    28) load[0m
[0;32mI (116) esp_image: segment 2: paddr=0001fae4 vaddr=3ffb0000 size=00534h (  1332) load[0m
[0;32mI (121) esp_image: segment 3: paddr=00020020 vaddr=400d0020 size=2e690h (190096) map[0m
[0;32mI (193) esp_image: segment 4: paddr=0004e6b8 vaddr=3ffb0534 size=0307ch ( 12412) load[0m
[0;32mI (197) esp_image: segment 5: paddr=0005173c vaddr=40080000 size=0e208h ( 57864) load[0m
[0;32mI (227) boot: Loaded app from partition at offset 0x10000[0m
[0;32mI (227) boot: Disabling RNG early entropy source...[0m
[0;32mI (238) cpu_start: Multicore app[0m
[0;32mI (246) cpu_start: Pro cpu start user code[0m
[0;32mI (246) cpu_start: cpu freq: 160000000 Hz[0m
[0;32mI (246) app_init: Application information:[0m
[0;32mI (246) app_init: Project name:     ejercicio_final[0m
[0;32mI (251) app_init: App version:      41fc6fd-dirty[0m
[0;32mI (255) app_init: Compile time:     May 16 2025 15:46:30[0m
[0;32mI (260) app_init: ELF file SHA256:  f282d14b8...[0m
[0;32mI (265) app_init: ESP-IDF:          v5.5-dev-2488-gee77c489e7[0m
[0;32mI (270) efuse_init: Min chip rev:     v0.0[0m
[0;32mI (274) efuse_init: Max chip rev:     v3.99 [0m
[0;32mI (278) efuse_init: Chip rev:         v3.1[0m
[0;32mI (282) heap_init: Initializing. RAM available for dynamic allocation:[0m
[0;32mI (288) heap_init: At 3FFAE6E0 len 00001920 (6 KiB): DRAM[0m
[0;32mI (293) heap_init: At 3FFB4778 len 0002B888 (174 KiB): DRAM[0m
[0;32mI (299) heap_init: At 3FFE0440 len 00003AE0 (14 KiB): D/IRAM[0m
[0;32mI (304) heap_init: At 3FFE4350 len 0001BCB0 (111 KiB): D/IRAM[0m
[0;32mI (309) heap_init: At 4008E208 len 00011DF8 (71 KiB): IRAM[0m
[0;32mI (316) spi_flash: detected chip: generic[0m
[0;32mI (318) spi_flash: flash io: dio[0m
[1;31mE (321) spi_flash: Detected size(4096k) smaller than the size in the binary image header(8192k). Probe failed.[0m

assert failed: __esp_system_init_fn_init_flash startup_funcs.c:114 (flash_ret == ESP_OK)


Backtrace: 0x40081959:0x3ffe3a60 0x40085c8d:0x3ffe3a80 0x4008bf39:0x3ffe3aa0 0x400d220e:0x3ffe3bc0 0x400d2b07:0x3ffe3be0 0x400d2b51:0x3ffe3c00 0x400d2bbb:0x3ffe3c20 0x400814a6:0x3ffe3c40 0x40079776:0x3ffe3c90 |<-CORRUPTED




ELF file SHA256: f282d14b8

Rebooting...
ets Jul 29 2019 12:21:46

rst:0xc (SW_CPU_RESET),boot:0x13 (SPI_FAST_FLASH_BOOT)
configsip: 0, SPIWP:0xee
clk_drv:0x00,q_drv:0x00,d_drv:0x00,cs0_drv:0x00,hd_drv:0x00,wp_drv:0x00
mode:DIO, clock div:2
load:0x3fff0030,len:6368
load:0x40078000,len:15880
load:0x40080400,len:3860
entry 0x40080638
[0;32mI (27) boot: ESP-IDF v5.5-dev-2488-gee77c489e7 2nd stage bootloader[0m
[0;32mI (27) boot: compile time May 16 2025 15:46:08[0m
[0;32mI (27) boot: Multicore bootloader[0m
[0;32mI (30) boot: chip revision: v3.1[0m
[0;32mI (33) boot.esp32: SPI Speed      : 40MHz[0m
[0;32mI (37) boot.esp32: SPI Mode       : DIO[0m
[0;32mI (40) boot.esp32: SPI Flash Size : 8MB[0m
[0;32mI (44) boot: Enabling RNG early entropy source...[0m
[0;32mI (48) boot: Partition Table:[0m
[0;32mI (51) boot: ## Label            Usage          Type ST Offset   Length[0m
[0;32mI (57) boot:  0 nvs              WiFi data        01 02 00009000 00005000[0m
[0;32mI (64) boot:  1 phy_init         RF data          01 01 0000e000 00001000[0m
[0;32mI (70) boot:  2 factory          factory app      00 00 00010000 00100000[0m
[0;32mI (77) boot:  3 storage          Unknown data     01 82 00110000 00100000[0m
[0;32mI (83) boot: End of partition table[0m
[0;32mI (87) esp_image: segment 0: paddr=00010020 vaddr=3f400020 size=0fa98h ( 64152) map[0m
[0;32mI (116) esp_image: segment 1: paddr=0001fac0 vaddr=3ff80000 size=0001ch (    28) load[0m
[0;32mI (116) esp_image: segment 2: paddr=0001fae4 vaddr=3ffb0000 size=00534h (  1332) load[0m
[0;32mI (121) esp_image: segment 3: paddr=00020020 vaddr=400d0020 size=2e690h (190096) map[0m
[0;32mI (193) esp_image: segment 4: paddr=0004e6b8 vaddr=3ffb0534 size=0307ch ( 12412) load[0m
[0;32mI (197) esp_image: segment 5: paddr=0005173c vaddr=40080000 size=0e208h ( 57864) load[0m
[0;32mI (227) boot: Loaded app from partition at offset 0x10000[0m
[0;32mI (227) boot: Disabling RNG early entropy source...[0m
[0;32mI (238) cpu_start: Multicore app[0m
[0;32mI (246) cpu_start: Pro cpu start user code[0m
[0;32mI (246) cpu_start: cpu freq: 160000000 Hz[0m
[0;32mI (246) app_init: Application information:[0m
[0;32mI (246) app_init: Project name:     ejercicio_final[0m
[0;32mI (251) app_init: App version:      41fc6fd-dirty[0m
[0;32mI (255) app_init: Compile time:     May 16 2025 15:46:30[0m
[0;32mI (260) app_init: ELF file SHA256:  f282d14b8...[0m
[0;32mI (265) app_init: ESP-IDF:          v5.5-dev-2488-gee77c489e7[0m
[0;32mI (270) efuse_init: Min chip rev:     v0.0[0m
[0;32mI (274) efuse_init: Max chip rev:     v3.99 [0m
[0;32mI (278) efuse_init: Chip rev:         v3.1[0m
[0;32mI (282) heap_init: Initializing. RAM available for dynamic allocation:[0m
[0;32mI (288) heap_init: At 3FFAE6E0 len 00001920 (6 KiB): DRAM[0m
[0;32mI (293) heap_init: At 3FFB4778 len 0002B888 (174 KiB): DRAM[0m
[0;32mI (299) heap_init: At 3FFE0440 len 00003AE0 (14 KiB): D/IRAM[0m
[0;32mI (304) heap_init: At 3FFE4350 len 0001BCB0 (111 KiB): D/IRAM[0m
[0;32mI (309) heap_init: At 4008E208 len 00011DF8 (71 KiB): IRAM[0m
[0;32mI (316) spi_flash: detected chip: generic[0m
